---
source: core/src/generate.rs
expression: ctx.namespaces
---
abc.corp.namespace:
  name: abc.corp.namespace
  fields: {}
  ops: {}
  defs:
    some_struct:
      name: some_struct
      namespace: abc.corp.namespace
      description: ~
      version: 2
      fields:
        a:
          name: ~
          namespace: ~
          type: i32
          description: ~
          optional: false
        b:
          name: ~
          namespace: ~
          type: f32
          description: ~
          optional: true
        c:
          name: ~
          namespace: ~
          type:
            compound_type:
              kind: sized_array
              size: 4
              type:
                compound_type:
                  kind: sized_array
                  size: 4
                  type: f32
          description: ~
          optional: false
        d:
          name: ~
          namespace: ~
          type:
            compound_type:
              kind: sized_array
              size: 4
              type:
                compound_type:
                  kind: sized_array
                  size: 4
                  type: f32
          description: ~
          optional: false
abc.corp.test:
  name: abc.corp.test
  fields: {}
  ops: {}
  defs:
    BasicStruct:
      name: BasicStruct
      namespace: abc.corp.test
      description: Some struct
      version: 1
      fields:
        a:
          name: a
          namespace: abc.corp.test
          type: i32
          description: field a
          optional: false
        b:
          name: b
          namespace: abc.corp.test
          type:
            compound_type:
              kind: option
              type: i32
          description: ~
          optional: false
        c:
          name: c
          namespace: abc.corp.test
          type:
            compound_type:
              kind: array
              type: f32
          description: ~
          optional: false
        d:
          name: d
          namespace: abc.corp.test
          type:
            compound_type:
              kind: sized_array
              size: 4
              type:
                compound_type:
                  kind: sized_array
                  size: 4
                  type: f32
          description: ~
          optional: false
    BasicStructWithReadme:
      name: BasicStructWithReadme
      namespace: abc.corp.test
      description: "# test\nthis is a struct description\n"
      version: 1
      fields:
        a:
          name: a
          namespace: abc.corp.test
          type: i32
          description: field a
          optional: false
