---
source: core/src/generate.rs
expression: ctx.namespaces
---
abc.corp.namespace:
  name: abc.corp.namespace
  version: 1
  fields: {}
  ops: {}
  defs:
    some_struct:
      name: some_struct
      namespace: abc.corp.namespace
      description: ~
      version: 2
      fields:
        a:
          name: ~
          namespace: ~
          description: ~
          version: ~
          type: i32
          optional: false
        b:
          name: ~
          namespace: ~
          description: ~
          version: ~
          type: f32
          optional: true
        c:
          name: ~
          namespace: ~
          description: ~
          version: ~
          type:
            compound_type:
              kind: sized_array
              size: 4
              type:
                compound_type:
                  kind: sized_array
                  size: 4
                  type: f32
          optional: false
        d:
          name: ~
          namespace: ~
          description: ~
          version: ~
          type:
            compound_type:
              kind: sized_array
              size: 4
              type:
                compound_type:
                  kind: sized_array
                  size: 4
                  type: f32
          optional: false
  enums:
    some_enum:
      name: some_enum
      namespace: abc.corp.namespace
      description: some enum description
      version: 1
      variants:
        A:
          name: A
          namespace: ~
          description: ~
          version: ~
          value: 1
        B:
          name: B
          namespace: ~
          description: Some b variant = 2
          version: ~
          value: 2
abc.corp.test:
  name: abc.corp.test
  version: 1
  fields: {}
  ops: {}
  defs:
    BasicStruct:
      name: BasicStruct
      namespace: abc.corp.test
      description: Some struct
      version: 1
      fields:
        a:
          name: a
          namespace: abc.corp.test
          description: field a
          version: ~
          type: i32
          optional: false
        b:
          name: b
          namespace: abc.corp.test
          description: ~
          version: ~
          type:
            compound_type:
              kind: option
              type: i32
          optional: false
        c:
          name: c
          namespace: abc.corp.test
          description: ~
          version: ~
          type:
            compound_type:
              kind: array
              type: f32
          optional: false
        d:
          name: d
          namespace: abc.corp.test
          description: ~
          version: ~
          type:
            compound_type:
              kind: sized_array
              size: 4
              type:
                compound_type:
                  kind: sized_array
                  size: 4
                  type: f32
          optional: false
    BasicStructWithReadme:
      name: BasicStructWithReadme
      namespace: abc.corp.test
      description: "# test\nthis is a struct description\n"
      version: 1
      fields:
        a:
          name: a
          namespace: abc.corp.test
          description: field a
          version: ~
          type: i32
          optional: false
    SomeStructWithEnum:
      name: SomeStructWithEnum
      namespace: abc.corp.test
      description: ~
      version: 1
      fields:
        enum_value:
          name: enum_value
          namespace: abc.corp.test
          description: ~
          version: ~
          type:
            compound_type:
              kind: enum
              ref: SomeEnum
          optional: false
  enums: {}
