---
source: sdk/tests/test_struct.rs
expression: ser
---
"type = \"struct@v1\"\nname = \"BasicStructWithReadme\"\nnamespace = \"abc.corp.test\"\ndescription = \"\"\"\n# test\nthis is a struct description\n\"\"\"\nversion = 1\n\n[fields.a]\nname = \"a\"\nnamespace = \"abc.corp.test\"\ntype = \"i32\"\ndescription = \"field a\"\noptional = false\n"
