---
source: sdk/tests/test_enum.rs
expression: ser
---
"type = \"enum@v1\"\nname = \"BasicIntEnum\"\nnamespace = \"abc.corp.test\"\ndescription = \"some int based enum\"\nversion = 1\n\n[variants.A]\nname = \"A\"\nnamespace = \"abc.corp.test\"\nvalue = 0\n\n[variants.B]\nname = \"B\"\nnamespace = \"abc.corp.test\"\ndescription = \"B is 99\"\nvalue = 99\n"
